// Jest Snapshot v1, https://goo.gl/fbAQLP

exports[`renders menu with defaul menu 1`] = `
<div>
  <ul>
    <li>
      Accueil
    </li>
    <li>
      Work
    </li>
    <li>
      About
    </li>
    <li>
      Contact
    </li>
  </ul>
</div>
`;
